// Jest Snapshot v1, https://jestjs.io/docs/snapshot-testing

exports[`StripePaymentProviderContent Integration Tests WHEN rendering the component THEN should render a matching snapshot 1`] = `
<div>
  <div
    class="flex flex-col gap-6 p-4 shadow-t"
  >
    <div>
      <div
        class=MuiTypography-root MuiTypography-bodyHl whitespace-pre-line css-hash-MuiTypography-root
        data-test="bodyHl"
      >
        Payment methods
      </div>
      <div
        class=MuiTypography-root MuiTypography-caption whitespace-pre-line css-hash-MuiTypography-root
        data-test="caption"
      >
        Customer must have at least one value selected.
      </div>
    </div>
    <div
      class="flex flex-col gap-1"
    >
      <div
        class=MuiTypography-root MuiTypography-captionHl whitespace-pre-line css-hash-MuiTypography-root
        data-test="captionHl"
      >
        General payment method
      </div>
      <div
        class="grid grid-cols-2 gap-4"
      >
        <label
          class="flex flex-col cursor-pointer"
          data-test="checkbox-paymentProviderCustomer.providerPaymentMethods.card"
          for=:r-mui-id:
        >
          <div
            class="mx-0 flex items-start align-middle *:leading-7"
          >
            <div
              class="mr-3 inline-flex items-center pt-1"
            >
              <input
                aria-checked="true"
                aria-labelledby="Card"
                checked=""
                class="absolute m-0 size-0 p-0 opacity-0"
                id=:r-mui-id:
                readonly=""
                type="checkbox"
              />
              <svg
                aria-hidden="true"
                class="text-blue-600 hover:text-blue-700 active:text-blue-800"
                fill="none"
                height="16"
                viewBox="0 0 16 16"
                width="16"
                xmlns="http://www.w3.org/2000/svg"
              >
                <path
                  d="M0 4C0 1.79086 1.79086 0 4 0H12C14.2091 0 16 1.79086 16 4V12C16 14.2091 14.2091 16 12 16H4C1.79086 16 0 14.2091 0 12V4Z"
                  fill="currentColor"
                />
                <g
                  clip-path="url(#clip0)"
                >
                  <path
                    clip-rule="evenodd"
                    d="M6.49994 11C6.59828 11.0001 6.69564 10.9804 6.78625 10.9422C6.87686 10.904 6.95887 10.848 7.02744 10.7775L11.8499 5.85749C11.8976 5.81093 11.9354 5.75532 11.9612 5.69392C11.9871 5.63253 12.0004 5.5666 12.0004 5.49999C12.0004 5.43339 11.9871 5.36745 11.9612 5.30606C11.9354 5.24467 11.8976 5.18906 11.8499 5.14249C11.8035 5.096 11.7484 5.05913 11.6877 5.03396C11.627 5.0088 11.5619 4.99585 11.4962 4.99585C11.4305 4.99585 11.3654 5.0088 11.3047 5.03396C11.244 5.05913 11.1889 5.096 11.1424 5.14249L6.49994 9.88749L4.84994 8.15249C4.75626 8.05937 4.62954 8.0071 4.49744 8.0071C4.36535 8.0071 4.23863 8.05937 4.14494 8.15249C4.09732 8.19906 4.05948 8.25467 4.03365 8.31606C4.00781 8.37745 3.99451 8.44339 3.99451 8.50999C3.99451 8.5766 4.00781 8.64253 4.03365 8.70392C4.05948 8.76532 4.09732 8.82093 4.14494 8.86749L5.96994 10.78C6.11046 10.9207 6.3011 10.9998 6.49994 11Z"
                    fill="white"
                    fill-rule="evenodd"
                  />
                </g>
                <defs>
                  <clippath
                    id="clip0"
                  >
                    <rect
                      fill="white"
                      height="8"
                      transform="translate(4 4)"
                      width="8"
                    />
                  </clippath>
                </defs>
              </svg>
            </div>
            <div>
              <div
                class=MuiTypography-root MuiTypography-body whitespace-pre-line css-hash-MuiTypography-root
                data-test="body"
              >
                Card
              </div>
              <div
                class=MuiTypography-root MuiTypography-caption whitespace-pre-line css-hash-MuiTypography-root
                data-test="caption"
              >
                For all currencies
              </div>
            </div>
          </div>
        </label>
        <label
          class="flex flex-col cursor-pointer"
          data-test="checkbox-paymentProviderCustomer.providerPaymentMethods.link"
          for=:r-mui-id:
        >
          <div
            class="mx-0 flex items-start align-middle *:leading-7"
          >
            <div
              class="mr-3 inline-flex items-center pt-1"
            >
              <input
                aria-checked="false"
                aria-labelledby="Link"
                class="absolute m-0 size-0 p-0 opacity-0"
                id=:r-mui-id:
                readonly=""
                type="checkbox"
              />
              <svg
                aria-hidden="true"
                class="text-white hover:text-grey-200 active:text-grey-300"
                fill="none"
                height="16"
                viewBox="0 0 16 16"
                width="16"
                xmlns="http://www.w3.org/2000/svg"
              >
                <rect
                  fill="currentColor"
                  height="15"
                  rx="3.5"
                  stroke="#8C95A6"
                  width="15"
                  x="0.5"
                  y="0.5"
                />
              </svg>
            </div>
            <div>
              <div
                class=MuiTypography-root MuiTypography-body whitespace-pre-line css-hash-MuiTypography-root
                data-test="body"
              >
                Link
              </div>
              <div
                class=MuiTypography-root MuiTypography-caption whitespace-pre-line css-hash-MuiTypography-root
                data-test="caption"
              >
                One-click payments
              </div>
            </div>
          </div>
        </label>
        <label
          class="flex flex-col cursor-pointer"
          data-test="checkbox-paymentProviderCustomer.providerPaymentMethods.customer_balance"
          for=:r-mui-id:
        >
          <div
            class="mx-0 flex items-start align-middle *:leading-7"
          >
            <div
              class="mr-3 inline-flex items-center pt-1"
            >
              <input
                aria-checked="false"
                aria-labelledby="Bank Transfers"
                class="absolute m-0 size-0 p-0 opacity-0"
                id=:r-mui-id:
                readonly=""
                type="checkbox"
              />
              <svg
                aria-hidden="true"
                class="text-white hover:text-grey-200 active:text-grey-300"
                fill="none"
                height="16"
                viewBox="0 0 16 16"
                width="16"
                xmlns="http://www.w3.org/2000/svg"
              >
                <rect
                  fill="currentColor"
                  height="15"
                  rx="3.5"
                  stroke="#8C95A6"
                  width="15"
                  x="0.5"
                  y="0.5"
                />
              </svg>
            </div>
            <div>
              <div
                class=MuiTypography-root MuiTypography-body whitespace-pre-line css-hash-MuiTypography-root
                data-test="body"
              >
                Bank Transfers
              </div>
              <div
                class=MuiTypography-root MuiTypography-caption whitespace-pre-line css-hash-MuiTypography-root
                data-test="caption"
              >
                Pay through the customer balance
              </div>
            </div>
          </div>
        </label>
      </div>
    </div>
    <div
      class="flex flex-col gap-1"
    >
      <div
        class=MuiTypography-root MuiTypography-captionHl whitespace-pre-line css-hash-MuiTypography-root
        data-test="captionHl"
      >
        Localized payment methods
      </div>
      <div
        class="grid grid-cols-2 gap-4"
      >
        <label
          class="flex flex-col cursor-pointer"
          data-test="checkbox-paymentProviderCustomer.providerPaymentMethods.sepa_debit"
          for=:r-mui-id:
        >
          <div
            class="mx-0 flex items-start align-middle *:leading-7"
          >
            <div
              class="mr-3 inline-flex items-center pt-1"
            >
              <input
                aria-checked="false"
                aria-labelledby="SEPA Direct Debit"
                class="absolute m-0 size-0 p-0 opacity-0"
                id=:r-mui-id:
                readonly=""
                type="checkbox"
              />
              <svg
                aria-hidden="true"
                class="text-white hover:text-grey-200 active:text-grey-300"
                fill="none"
                height="16"
                viewBox="0 0 16 16"
                width="16"
                xmlns="http://www.w3.org/2000/svg"
              >
                <rect
                  fill="currentColor"
                  height="15"
                  rx="3.5"
                  stroke="#8C95A6"
                  width="15"
                  x="0.5"
                  y="0.5"
                />
              </svg>
            </div>
            <div>
              <div
                class=MuiTypography-root MuiTypography-body whitespace-pre-line css-hash-MuiTypography-root
                data-test="body"
              >
                SEPA Direct Debit
              </div>
              <div
                class=MuiTypography-root MuiTypography-caption whitespace-pre-line css-hash-MuiTypography-root
                data-test="caption"
              >
                For customers invoiced in EUR
              </div>
            </div>
          </div>
        </label>
        <label
          class="flex flex-col cursor-pointer"
          data-test="checkbox-paymentProviderCustomer.providerPaymentMethods.us_bank_account"
          for=:r-mui-id:
        >
          <div
            class="mx-0 flex items-start align-middle *:leading-7"
          >
            <div
              class="mr-3 inline-flex items-center pt-1"
            >
              <input
                aria-checked="false"
                aria-labelledby="US Bank Account (ACH)"
                class="absolute m-0 size-0 p-0 opacity-0"
                id=:r-mui-id:
                readonly=""
                type="checkbox"
              />
              <svg
                aria-hidden="true"
                class="text-white hover:text-grey-200 active:text-grey-300"
                fill="none"
                height="16"
                viewBox="0 0 16 16"
                width="16"
                xmlns="http://www.w3.org/2000/svg"
              >
                <rect
                  fill="currentColor"
                  height="15"
                  rx="3.5"
                  stroke="#8C95A6"
                  width="15"
                  x="0.5"
                  y="0.5"
                />
              </svg>
            </div>
            <div>
              <div
                class=MuiTypography-root MuiTypography-body whitespace-pre-line css-hash-MuiTypography-root
                data-test="body"
              >
                US Bank Account (ACH)
              </div>
              <div
                class=MuiTypography-root MuiTypography-caption whitespace-pre-line css-hash-MuiTypography-root
                data-test="caption"
              >
                For customers invoiced in USD
              </div>
            </div>
          </div>
        </label>
        <label
          class="flex flex-col cursor-pointer"
          data-test="checkbox-paymentProviderCustomer.providerPaymentMethods.bacs_debit"
          for=:r-mui-id:
        >
          <div
            class="mx-0 flex items-start align-middle *:leading-7"
          >
            <div
              class="mr-3 inline-flex items-center pt-1"
            >
              <input
                aria-checked="false"
                aria-labelledby="BACS Debit"
                class="absolute m-0 size-0 p-0 opacity-0"
                id=:r-mui-id:
                readonly=""
                type="checkbox"
              />
              <svg
                aria-hidden="true"
                class="text-white hover:text-grey-200 active:text-grey-300"
                fill="none"
                height="16"
                viewBox="0 0 16 16"
                width="16"
                xmlns="http://www.w3.org/2000/svg"
              >
                <rect
                  fill="currentColor"
                  height="15"
                  rx="3.5"
                  stroke="#8C95A6"
                  width="15"
                  x="0.5"
                  y="0.5"
                />
              </svg>
            </div>
            <div>
              <div
                class=MuiTypography-root MuiTypography-body whitespace-pre-line css-hash-MuiTypography-root
                data-test="body"
              >
                BACS Debit
              </div>
              <div
                class=MuiTypography-root MuiTypography-caption whitespace-pre-line css-hash-MuiTypography-root
                data-test="caption"
              >
                For customers invoiced in GBP
              </div>
            </div>
          </div>
        </label>
        <label
          class="flex flex-col cursor-pointer"
          data-test="checkbox-paymentProviderCustomer.providerPaymentMethods.boleto"
          for=:r-mui-id:
        >
          <div
            class="mx-0 flex items-start align-middle *:leading-7"
          >
            <div
              class="mr-3 inline-flex items-center pt-1"
            >
              <input
                aria-checked="false"
                aria-labelledby="Boleto Payments"
                class="absolute m-0 size-0 p-0 opacity-0"
                id=:r-mui-id:
                readonly=""
                type="checkbox"
              />
              <svg
                aria-hidden="true"
                class="text-white hover:text-grey-200 active:text-grey-300"
                fill="none"
                height="16"
                viewBox="0 0 16 16"
                width="16"
                xmlns="http://www.w3.org/2000/svg"
              >
                <rect
                  fill="currentColor"
                  height="15"
                  rx="3.5"
                  stroke="#8C95A6"
                  width="15"
                  x="0.5"
                  y="0.5"
                />
              </svg>
            </div>
            <div>
              <div
                class=MuiTypography-root MuiTypography-body whitespace-pre-line css-hash-MuiTypography-root
                data-test="body"
              >
                Boleto Payments
              </div>
              <div
                class=MuiTypography-root MuiTypography-caption whitespace-pre-line css-hash-MuiTypography-root
                data-test="caption"
              >
                For customers invoiced in BRL
              </div>
            </div>
          </div>
        </label>
        <label
          class="flex flex-col cursor-pointer"
          data-test="checkbox-paymentProviderCustomer.providerPaymentMethods.crypto"
          for=:r-mui-id:
        >
          <div
            class="mx-0 flex items-start align-middle *:leading-7"
          >
            <div
              class="mr-3 inline-flex items-center pt-1"
            >
              <input
                aria-checked="false"
                aria-labelledby="Crypto (Stablecoins)"
                class="absolute m-0 size-0 p-0 opacity-0"
                id=:r-mui-id:
                readonly=""
                type="checkbox"
              />
              <svg
                aria-hidden="true"
                class="text-white hover:text-grey-200 active:text-grey-300"
                fill="none"
                height="16"
                viewBox="0 0 16 16"
                width="16"
                xmlns="http://www.w3.org/2000/svg"
              >
                <rect
                  fill="currentColor"
                  height="15"
                  rx="3.5"
                  stroke="#8C95A6"
                  width="15"
                  x="0.5"
                  y="0.5"
                />
              </svg>
            </div>
            <div>
              <div
                class=MuiTypography-root MuiTypography-body whitespace-pre-line css-hash-MuiTypography-root
                data-test="body"
              >
                Crypto (Stablecoins)
              </div>
              <div
                class=MuiTypography-root MuiTypography-caption whitespace-pre-line css-hash-MuiTypography-root
                data-test="caption"
              >
                For customers invoiced in USD
              </div>
            </div>
          </div>
        </label>
      </div>
    </div>
    <div
      class="rounded-xl px-4 bg-purple-100"
      data-test="alert-type-info"
    >
      <div
        class="flex flex-row items-center justify-between gap-4 py-4"
      >
        <div
          class="flex flex-row items-center gap-4"
        >
          <svg
            class="text-purple-600 size-4 min-w-4"
            data-test="info-circle/medium"
            fill="currentColor"
            title="info-circle/medium"
            viewBox="0 0 16 16"
            xmlns="http://www.w3.org/2000/svg"
          >
            <path
              clip-rule="evenodd"
              d="M16 8C16 12.4183 12.4183 16 8 16C3.58172 16 0 12.4183 0 8C0 3.58172 3.58172 0 8 0C12.4183 0 16 3.58172 16 8ZM14 8C14 11.3137 11.3137 14 8 14C4.68629 14 2 11.3137 2 8C2 4.68629 4.68629 2 8 2C11.3137 2 14 4.68629 14 8ZM9 5C9 5.55228 8.55228 6 8 6C7.44772 6 7 5.55228 7 5C7 4.44772 7.44772 4 8 4C8.55228 4 9 4.44772 9 5ZM7 8C7 7.44772 7.44772 7 8 7C8.55228 7 9 7.44772 9 8V11C9 11.5523 8.55228 12 8 12C7.44772 12 7 11.5523 7 11V8Z"
              fill-rule="evenodd"
            />
          </svg>
          <div
            class=MuiTypography-root MuiTypography-body whitespace-pre-line word-break-word css-hash-MuiTypography-root
            data-test="body"
          >
            To automate customer’s invoice payment, please use the checkout url sent via webhook to add a payment method.
          </div>
        </div>
      </div>
    </div>
  </div>
</div>
`;

exports[`StripePaymentProviderContent Integration Tests WHEN rendering the component THEN should render with customer balance enabled 1`] = `
<div>
  <div
    class="flex flex-col gap-6 p-4 shadow-t"
  >
    <div>
      <div
        class=MuiTypography-root MuiTypography-bodyHl whitespace-pre-line css-hash-MuiTypography-root
        data-test="bodyHl"
      >
        Payment methods
      </div>
      <div
        class=MuiTypography-root MuiTypography-caption whitespace-pre-line css-hash-MuiTypography-root
        data-test="caption"
      >
        Customer must have at least one value selected.
      </div>
    </div>
    <div
      class="flex flex-col gap-1"
    >
      <div
        class=MuiTypography-root MuiTypography-captionHl whitespace-pre-line css-hash-MuiTypography-root
        data-test="captionHl"
      >
        General payment method
      </div>
      <div
        class="grid grid-cols-2 gap-4"
      >
        <label
          class="flex flex-col cursor-pointer"
          data-test="checkbox-paymentProviderCustomer.providerPaymentMethods.card"
          for=:r-mui-id:
        >
          <div
            class="mx-0 flex items-start align-middle *:leading-7"
          >
            <div
              class="mr-3 inline-flex items-center pt-1"
            >
              <input
                aria-checked="false"
                aria-labelledby="Card"
                class="absolute m-0 size-0 p-0 opacity-0"
                id=:r-mui-id:
                readonly=""
                type="checkbox"
              />
              <svg
                aria-hidden="true"
                class="text-white hover:text-grey-200 active:text-grey-300"
                fill="none"
                height="16"
                viewBox="0 0 16 16"
                width="16"
                xmlns="http://www.w3.org/2000/svg"
              >
                <rect
                  fill="currentColor"
                  height="15"
                  rx="3.5"
                  stroke="#8C95A6"
                  width="15"
                  x="0.5"
                  y="0.5"
                />
              </svg>
            </div>
            <div>
              <div
                class=MuiTypography-root MuiTypography-body whitespace-pre-line css-hash-MuiTypography-root
                data-test="body"
              >
                Card
              </div>
              <div
                class=MuiTypography-root MuiTypography-caption whitespace-pre-line css-hash-MuiTypography-root
                data-test="caption"
              >
                For all currencies
              </div>
            </div>
          </div>
        </label>
        <label
          class="flex flex-col"
          data-test="checkbox-paymentProviderCustomer.providerPaymentMethods.link"
          for=:r-mui-id:
        >
          <div
            class="mx-0 flex items-start align-middle *:leading-7"
          >
            <div
              class="mr-3 inline-flex items-center pt-1"
            >
              <input
                aria-checked="mixed"
                aria-labelledby="Link"
                class="absolute m-0 size-0 p-0 opacity-0"
                disabled=""
                id=:r-mui-id:
                readonly=""
                type="checkbox"
              />
              <svg
                aria-hidden="true"
                class="text-white hover:text-grey-200 active:text-grey-300"
                fill="none"
                height="16"
                viewBox="0 0 16 16"
                width="16"
                xmlns="http://www.w3.org/2000/svg"
              >
                <rect
                  fill="currentColor"
                  height="15"
                  rx="3.5"
                  stroke="#8C95A6"
                  width="15"
                  x="0.5"
                  y="0.5"
                />
              </svg>
            </div>
            <div>
              <div
                class=MuiTypography-root MuiTypography-body whitespace-pre-line css-hash-MuiTypography-root
                data-test="body"
              >
                Link
              </div>
              <div
                class=MuiTypography-root MuiTypography-caption whitespace-pre-line css-hash-MuiTypography-root
                data-test="caption"
              >
                One-click payments
              </div>
            </div>
          </div>
        </label>
        <label
          class="flex flex-col cursor-pointer"
          data-test="checkbox-paymentProviderCustomer.providerPaymentMethods.customer_balance"
          for=:r-mui-id:
        >
          <div
            class="mx-0 flex items-start align-middle *:leading-7"
          >
            <div
              class="mr-3 inline-flex items-center pt-1"
            >
              <input
                aria-checked="true"
                aria-labelledby="Bank Transfers"
                checked=""
                class="absolute m-0 size-0 p-0 opacity-0"
                id=:r-mui-id:
                readonly=""
                type="checkbox"
              />
              <svg
                aria-hidden="true"
                class="text-blue-600 hover:text-blue-700 active:text-blue-800"
                fill="none"
                height="16"
                viewBox="0 0 16 16"
                width="16"
                xmlns="http://www.w3.org/2000/svg"
              >
                <path
                  d="M0 4C0 1.79086 1.79086 0 4 0H12C14.2091 0 16 1.79086 16 4V12C16 14.2091 14.2091 16 12 16H4C1.79086 16 0 14.2091 0 12V4Z"
                  fill="currentColor"
                />
                <g
                  clip-path="url(#clip0)"
                >
                  <path
                    clip-rule="evenodd"
                    d="M6.49994 11C6.59828 11.0001 6.69564 10.9804 6.78625 10.9422C6.87686 10.904 6.95887 10.848 7.02744 10.7775L11.8499 5.85749C11.8976 5.81093 11.9354 5.75532 11.9612 5.69392C11.9871 5.63253 12.0004 5.5666 12.0004 5.49999C12.0004 5.43339 11.9871 5.36745 11.9612 5.30606C11.9354 5.24467 11.8976 5.18906 11.8499 5.14249C11.8035 5.096 11.7484 5.05913 11.6877 5.03396C11.627 5.0088 11.5619 4.99585 11.4962 4.99585C11.4305 4.99585 11.3654 5.0088 11.3047 5.03396C11.244 5.05913 11.1889 5.096 11.1424 5.14249L6.49994 9.88749L4.84994 8.15249C4.75626 8.05937 4.62954 8.0071 4.49744 8.0071C4.36535 8.0071 4.23863 8.05937 4.14494 8.15249C4.09732 8.19906 4.05948 8.25467 4.03365 8.31606C4.00781 8.37745 3.99451 8.44339 3.99451 8.50999C3.99451 8.5766 4.00781 8.64253 4.03365 8.70392C4.05948 8.76532 4.09732 8.82093 4.14494 8.86749L5.96994 10.78C6.11046 10.9207 6.3011 10.9998 6.49994 11Z"
                    fill="white"
                    fill-rule="evenodd"
                  />
                </g>
                <defs>
                  <clippath
                    id="clip0"
                  >
                    <rect
                      fill="white"
                      height="8"
                      transform="translate(4 4)"
                      width="8"
                    />
                  </clippath>
                </defs>
              </svg>
            </div>
            <div>
              <div
                class=MuiTypography-root MuiTypography-body whitespace-pre-line css-hash-MuiTypography-root
                data-test="body"
              >
                Bank Transfers
              </div>
              <div
                class=MuiTypography-root MuiTypography-caption whitespace-pre-line css-hash-MuiTypography-root
                data-test="caption"
              >
                Pay through the customer balance
              </div>
            </div>
          </div>
        </label>
      </div>
    </div>
    <div
      class="flex flex-col gap-1"
    >
      <div
        class=MuiTypography-root MuiTypography-captionHl whitespace-pre-line css-hash-MuiTypography-root
        data-test="captionHl"
      >
        Localized payment methods
      </div>
      <div
        class="grid grid-cols-2 gap-4"
      >
        <label
          class="flex flex-col"
          data-test="checkbox-paymentProviderCustomer.providerPaymentMethods.sepa_debit"
          for=:r-mui-id:
        >
          <div
            class="mx-0 flex items-start align-middle *:leading-7"
          >
            <div
              class="mr-3 inline-flex items-center pt-1"
            >
              <input
                aria-checked="mixed"
                aria-labelledby="SEPA Direct Debit"
                class="absolute m-0 size-0 p-0 opacity-0"
                disabled=""
                id=:r-mui-id:
                readonly=""
                type="checkbox"
              />
              <svg
                aria-hidden="true"
                class="text-white hover:text-grey-200 active:text-grey-300"
                fill="none"
                height="16"
                viewBox="0 0 16 16"
                width="16"
                xmlns="http://www.w3.org/2000/svg"
              >
                <rect
                  fill="currentColor"
                  height="15"
                  rx="3.5"
                  stroke="#8C95A6"
                  width="15"
                  x="0.5"
                  y="0.5"
                />
              </svg>
            </div>
            <div>
              <div
                class=MuiTypography-root MuiTypography-body whitespace-pre-line css-hash-MuiTypography-root
                data-test="body"
              >
                SEPA Direct Debit
              </div>
              <div
                class=MuiTypography-root MuiTypography-caption whitespace-pre-line css-hash-MuiTypography-root
                data-test="caption"
              >
                For customers invoiced in EUR
              </div>
            </div>
          </div>
        </label>
        <label
          class="flex flex-col"
          data-test="checkbox-paymentProviderCustomer.providerPaymentMethods.us_bank_account"
          for=:r-mui-id:
        >
          <div
            class="mx-0 flex items-start align-middle *:leading-7"
          >
            <div
              class="mr-3 inline-flex items-center pt-1"
            >
              <input
                aria-checked="mixed"
                aria-labelledby="US Bank Account (ACH)"
                class="absolute m-0 size-0 p-0 opacity-0"
                disabled=""
                id=:r-mui-id:
                readonly=""
                type="checkbox"
              />
              <svg
                aria-hidden="true"
                class="text-white hover:text-grey-200 active:text-grey-300"
                fill="none"
                height="16"
                viewBox="0 0 16 16"
                width="16"
                xmlns="http://www.w3.org/2000/svg"
              >
                <rect
                  fill="currentColor"
                  height="15"
                  rx="3.5"
                  stroke="#8C95A6"
                  width="15"
                  x="0.5"
                  y="0.5"
                />
              </svg>
            </div>
            <div>
              <div
                class=MuiTypography-root MuiTypography-body whitespace-pre-line css-hash-MuiTypography-root
                data-test="body"
              >
                US Bank Account (ACH)
              </div>
              <div
                class=MuiTypography-root MuiTypography-caption whitespace-pre-line css-hash-MuiTypography-root
                data-test="caption"
              >
                For customers invoiced in USD
              </div>
            </div>
          </div>
        </label>
        <label
          class="flex flex-col"
          data-test="checkbox-paymentProviderCustomer.providerPaymentMethods.bacs_debit"
          for=:r-mui-id:
        >
          <div
            class="mx-0 flex items-start align-middle *:leading-7"
          >
            <div
              class="mr-3 inline-flex items-center pt-1"
            >
              <input
                aria-checked="mixed"
                aria-labelledby="BACS Debit"
                class="absolute m-0 size-0 p-0 opacity-0"
                disabled=""
                id=:r-mui-id:
                readonly=""
                type="checkbox"
              />
              <svg
                aria-hidden="true"
                class="text-white hover:text-grey-200 active:text-grey-300"
                fill="none"
                height="16"
                viewBox="0 0 16 16"
                width="16"
                xmlns="http://www.w3.org/2000/svg"
              >
                <rect
                  fill="currentColor"
                  height="15"
                  rx="3.5"
                  stroke="#8C95A6"
                  width="15"
                  x="0.5"
                  y="0.5"
                />
              </svg>
            </div>
            <div>
              <div
                class=MuiTypography-root MuiTypography-body whitespace-pre-line css-hash-MuiTypography-root
                data-test="body"
              >
                BACS Debit
              </div>
              <div
                class=MuiTypography-root MuiTypography-caption whitespace-pre-line css-hash-MuiTypography-root
                data-test="caption"
              >
                For customers invoiced in GBP
              </div>
            </div>
          </div>
        </label>
        <label
          class="flex flex-col"
          data-test="checkbox-paymentProviderCustomer.providerPaymentMethods.boleto"
          for=:r-mui-id:
        >
          <div
            class="mx-0 flex items-start align-middle *:leading-7"
          >
            <div
              class="mr-3 inline-flex items-center pt-1"
            >
              <input
                aria-checked="mixed"
                aria-labelledby="Boleto Payments"
                class="absolute m-0 size-0 p-0 opacity-0"
                disabled=""
                id=:r-mui-id:
                readonly=""
                type="checkbox"
              />
              <svg
                aria-hidden="true"
                class="text-white hover:text-grey-200 active:text-grey-300"
                fill="none"
                height="16"
                viewBox="0 0 16 16"
                width="16"
                xmlns="http://www.w3.org/2000/svg"
              >
                <rect
                  fill="currentColor"
                  height="15"
                  rx="3.5"
                  stroke="#8C95A6"
                  width="15"
                  x="0.5"
                  y="0.5"
                />
              </svg>
            </div>
            <div>
              <div
                class=MuiTypography-root MuiTypography-body whitespace-pre-line css-hash-MuiTypography-root
                data-test="body"
              >
                Boleto Payments
              </div>
              <div
                class=MuiTypography-root MuiTypography-caption whitespace-pre-line css-hash-MuiTypography-root
                data-test="caption"
              >
                For customers invoiced in BRL
              </div>
            </div>
          </div>
        </label>
        <label
          class="flex flex-col"
          data-test="checkbox-paymentProviderCustomer.providerPaymentMethods.crypto"
          for=:r-mui-id:
        >
          <div
            class="mx-0 flex items-start align-middle *:leading-7"
          >
            <div
              class="mr-3 inline-flex items-center pt-1"
            >
              <input
                aria-checked="mixed"
                aria-labelledby="Crypto (Stablecoins)"
                class="absolute m-0 size-0 p-0 opacity-0"
                disabled=""
                id=:r-mui-id:
                readonly=""
                type="checkbox"
              />
              <svg
                aria-hidden="true"
                class="text-white hover:text-grey-200 active:text-grey-300"
                fill="none"
                height="16"
                viewBox="0 0 16 16"
                width="16"
                xmlns="http://www.w3.org/2000/svg"
              >
                <rect
                  fill="currentColor"
                  height="15"
                  rx="3.5"
                  stroke="#8C95A6"
                  width="15"
                  x="0.5"
                  y="0.5"
                />
              </svg>
            </div>
            <div>
              <div
                class=MuiTypography-root MuiTypography-body whitespace-pre-line css-hash-MuiTypography-root
                data-test="body"
              >
                Crypto (Stablecoins)
              </div>
              <div
                class=MuiTypography-root MuiTypography-caption whitespace-pre-line css-hash-MuiTypography-root
                data-test="caption"
              >
                For customers invoiced in USD
              </div>
            </div>
          </div>
        </label>
      </div>
    </div>
    <div
      class="rounded-xl px-4 bg-purple-100"
      data-test="alert-type-info"
    >
      <div
        class="flex flex-row items-center justify-between gap-4 py-4"
      >
        <div
          class="flex flex-row items-center gap-4"
        >
          <svg
            class="text-purple-600 size-4 min-w-4"
            data-test="info-circle/medium"
            fill="currentColor"
            title="info-circle/medium"
            viewBox="0 0 16 16"
            xmlns="http://www.w3.org/2000/svg"
          >
            <path
              clip-rule="evenodd"
              d="M16 8C16 12.4183 12.4183 16 8 16C3.58172 16 0 12.4183 0 8C0 3.58172 3.58172 0 8 0C12.4183 0 16 3.58172 16 8ZM14 8C14 11.3137 11.3137 14 8 14C4.68629 14 2 11.3137 2 8C2 4.68629 4.68629 2 8 2C11.3137 2 14 4.68629 14 8ZM9 5C9 5.55228 8.55228 6 8 6C7.44772 6 7 5.55228 7 5C7 4.44772 7.44772 4 8 4C8.55228 4 9 4.44772 9 5ZM7 8C7 7.44772 7.44772 7 8 7C8.55228 7 9 7.44772 9 8V11C9 11.5523 8.55228 12 8 12C7.44772 12 7 11.5523 7 11V8Z"
              fill-rule="evenodd"
            />
          </svg>
          <div
            class=MuiTypography-root MuiTypography-body whitespace-pre-line word-break-word css-hash-MuiTypography-root
            data-test="body"
          >
            To automate customer’s invoice payment, please use the checkout url sent via webhook to add a payment method.
          </div>
        </div>
      </div>
    </div>
  </div>
</div>
`;

exports[`StripePaymentProviderContent Integration Tests WHEN rendering the component THEN should render with multiple payment methods enabled 1`] = `
<div>
  <div
    class="flex flex-col gap-6 p-4 shadow-t"
  >
    <div>
      <div
        class=MuiTypography-root MuiTypography-bodyHl whitespace-pre-line css-hash-MuiTypography-root
        data-test="bodyHl"
      >
        Payment methods
      </div>
      <div
        class=MuiTypography-root MuiTypography-caption whitespace-pre-line css-hash-MuiTypography-root
        data-test="caption"
      >
        Customer must have at least one value selected.
      </div>
    </div>
    <div
      class="flex flex-col gap-1"
    >
      <div
        class=MuiTypography-root MuiTypography-captionHl whitespace-pre-line css-hash-MuiTypography-root
        data-test="captionHl"
      >
        General payment method
      </div>
      <div
        class="grid grid-cols-2 gap-4"
      >
        <label
          class="flex flex-col cursor-pointer"
          data-test="checkbox-paymentProviderCustomer.providerPaymentMethods.card"
          for=:r-mui-id:
        >
          <div
            class="mx-0 flex items-start align-middle *:leading-7"
          >
            <div
              class="mr-3 inline-flex items-center pt-1"
            >
              <input
                aria-checked="true"
                aria-labelledby="Card"
                checked=""
                class="absolute m-0 size-0 p-0 opacity-0"
                id=:r-mui-id:
                readonly=""
                type="checkbox"
              />
              <svg
                aria-hidden="true"
                class="text-blue-600 hover:text-blue-700 active:text-blue-800"
                fill="none"
                height="16"
                viewBox="0 0 16 16"
                width="16"
                xmlns="http://www.w3.org/2000/svg"
              >
                <path
                  d="M0 4C0 1.79086 1.79086 0 4 0H12C14.2091 0 16 1.79086 16 4V12C16 14.2091 14.2091 16 12 16H4C1.79086 16 0 14.2091 0 12V4Z"
                  fill="currentColor"
                />
                <g
                  clip-path="url(#clip0)"
                >
                  <path
                    clip-rule="evenodd"
                    d="M6.49994 11C6.59828 11.0001 6.69564 10.9804 6.78625 10.9422C6.87686 10.904 6.95887 10.848 7.02744 10.7775L11.8499 5.85749C11.8976 5.81093 11.9354 5.75532 11.9612 5.69392C11.9871 5.63253 12.0004 5.5666 12.0004 5.49999C12.0004 5.43339 11.9871 5.36745 11.9612 5.30606C11.9354 5.24467 11.8976 5.18906 11.8499 5.14249C11.8035 5.096 11.7484 5.05913 11.6877 5.03396C11.627 5.0088 11.5619 4.99585 11.4962 4.99585C11.4305 4.99585 11.3654 5.0088 11.3047 5.03396C11.244 5.05913 11.1889 5.096 11.1424 5.14249L6.49994 9.88749L4.84994 8.15249C4.75626 8.05937 4.62954 8.0071 4.49744 8.0071C4.36535 8.0071 4.23863 8.05937 4.14494 8.15249C4.09732 8.19906 4.05948 8.25467 4.03365 8.31606C4.00781 8.37745 3.99451 8.44339 3.99451 8.50999C3.99451 8.5766 4.00781 8.64253 4.03365 8.70392C4.05948 8.76532 4.09732 8.82093 4.14494 8.86749L5.96994 10.78C6.11046 10.9207 6.3011 10.9998 6.49994 11Z"
                    fill="white"
                    fill-rule="evenodd"
                  />
                </g>
                <defs>
                  <clippath
                    id="clip0"
                  >
                    <rect
                      fill="white"
                      height="8"
                      transform="translate(4 4)"
                      width="8"
                    />
                  </clippath>
                </defs>
              </svg>
            </div>
            <div>
              <div
                class=MuiTypography-root MuiTypography-body whitespace-pre-line css-hash-MuiTypography-root
                data-test="body"
              >
                Card
              </div>
              <div
                class=MuiTypography-root MuiTypography-caption whitespace-pre-line css-hash-MuiTypography-root
                data-test="caption"
              >
                For all currencies
              </div>
            </div>
          </div>
        </label>
        <label
          class="flex flex-col cursor-pointer"
          data-test="checkbox-paymentProviderCustomer.providerPaymentMethods.link"
          for=:r-mui-id:
        >
          <div
            class="mx-0 flex items-start align-middle *:leading-7"
          >
            <div
              class="mr-3 inline-flex items-center pt-1"
            >
              <input
                aria-checked="true"
                aria-labelledby="Link"
                checked=""
                class="absolute m-0 size-0 p-0 opacity-0"
                id=:r-mui-id:
                readonly=""
                type="checkbox"
              />
              <svg
                aria-hidden="true"
                class="text-blue-600 hover:text-blue-700 active:text-blue-800"
                fill="none"
                height="16"
                viewBox="0 0 16 16"
                width="16"
                xmlns="http://www.w3.org/2000/svg"
              >
                <path
                  d="M0 4C0 1.79086 1.79086 0 4 0H12C14.2091 0 16 1.79086 16 4V12C16 14.2091 14.2091 16 12 16H4C1.79086 16 0 14.2091 0 12V4Z"
                  fill="currentColor"
                />
                <g
                  clip-path="url(#clip0)"
                >
                  <path
                    clip-rule="evenodd"
                    d="M6.49994 11C6.59828 11.0001 6.69564 10.9804 6.78625 10.9422C6.87686 10.904 6.95887 10.848 7.02744 10.7775L11.8499 5.85749C11.8976 5.81093 11.9354 5.75532 11.9612 5.69392C11.9871 5.63253 12.0004 5.5666 12.0004 5.49999C12.0004 5.43339 11.9871 5.36745 11.9612 5.30606C11.9354 5.24467 11.8976 5.18906 11.8499 5.14249C11.8035 5.096 11.7484 5.05913 11.6877 5.03396C11.627 5.0088 11.5619 4.99585 11.4962 4.99585C11.4305 4.99585 11.3654 5.0088 11.3047 5.03396C11.244 5.05913 11.1889 5.096 11.1424 5.14249L6.49994 9.88749L4.84994 8.15249C4.75626 8.05937 4.62954 8.0071 4.49744 8.0071C4.36535 8.0071 4.23863 8.05937 4.14494 8.15249C4.09732 8.19906 4.05948 8.25467 4.03365 8.31606C4.00781 8.37745 3.99451 8.44339 3.99451 8.50999C3.99451 8.5766 4.00781 8.64253 4.03365 8.70392C4.05948 8.76532 4.09732 8.82093 4.14494 8.86749L5.96994 10.78C6.11046 10.9207 6.3011 10.9998 6.49994 11Z"
                    fill="white"
                    fill-rule="evenodd"
                  />
                </g>
                <defs>
                  <clippath
                    id="clip0"
                  >
                    <rect
                      fill="white"
                      height="8"
                      transform="translate(4 4)"
                      width="8"
                    />
                  </clippath>
                </defs>
              </svg>
            </div>
            <div>
              <div
                class=MuiTypography-root MuiTypography-body whitespace-pre-line css-hash-MuiTypography-root
                data-test="body"
              >
                Link
              </div>
              <div
                class=MuiTypography-root MuiTypography-caption whitespace-pre-line css-hash-MuiTypography-root
                data-test="caption"
              >
                One-click payments
              </div>
            </div>
          </div>
        </label>
        <label
          class="flex flex-col cursor-pointer"
          data-test="checkbox-paymentProviderCustomer.providerPaymentMethods.customer_balance"
          for=:r-mui-id:
        >
          <div
            class="mx-0 flex items-start align-middle *:leading-7"
          >
            <div
              class="mr-3 inline-flex items-center pt-1"
            >
              <input
                aria-checked="mixed"
                aria-labelledby="Bank Transfers"
                class="absolute m-0 size-0 p-0 opacity-0"
                id=:r-mui-id:
                readonly=""
                type="checkbox"
              />
              <svg
                aria-hidden="true"
                class="text-white hover:text-grey-200 active:text-grey-300"
                fill="none"
                height="16"
                viewBox="0 0 16 16"
                width="16"
                xmlns="http://www.w3.org/2000/svg"
              >
                <rect
                  fill="currentColor"
                  height="15"
                  rx="3.5"
                  stroke="#8C95A6"
                  width="15"
                  x="0.5"
                  y="0.5"
                />
              </svg>
            </div>
            <div>
              <div
                class=MuiTypography-root MuiTypography-body whitespace-pre-line css-hash-MuiTypography-root
                data-test="body"
              >
                Bank Transfers
              </div>
              <div
                class=MuiTypography-root MuiTypography-caption whitespace-pre-line css-hash-MuiTypography-root
                data-test="caption"
              >
                Pay through the customer balance
              </div>
            </div>
          </div>
        </label>
      </div>
    </div>
    <div
      class="flex flex-col gap-1"
    >
      <div
        class=MuiTypography-root MuiTypography-captionHl whitespace-pre-line css-hash-MuiTypography-root
        data-test="captionHl"
      >
        Localized payment methods
      </div>
      <div
        class="grid grid-cols-2 gap-4"
      >
        <label
          class="flex flex-col cursor-pointer"
          data-test="checkbox-paymentProviderCustomer.providerPaymentMethods.sepa_debit"
          for=:r-mui-id:
        >
          <div
            class="mx-0 flex items-start align-middle *:leading-7"
          >
            <div
              class="mr-3 inline-flex items-center pt-1"
            >
              <input
                aria-checked="true"
                aria-labelledby="SEPA Direct Debit"
                checked=""
                class="absolute m-0 size-0 p-0 opacity-0"
                id=:r-mui-id:
                readonly=""
                type="checkbox"
              />
              <svg
                aria-hidden="true"
                class="text-blue-600 hover:text-blue-700 active:text-blue-800"
                fill="none"
                height="16"
                viewBox="0 0 16 16"
                width="16"
                xmlns="http://www.w3.org/2000/svg"
              >
                <path
                  d="M0 4C0 1.79086 1.79086 0 4 0H12C14.2091 0 16 1.79086 16 4V12C16 14.2091 14.2091 16 12 16H4C1.79086 16 0 14.2091 0 12V4Z"
                  fill="currentColor"
                />
                <g
                  clip-path="url(#clip0)"
                >
                  <path
                    clip-rule="evenodd"
                    d="M6.49994 11C6.59828 11.0001 6.69564 10.9804 6.78625 10.9422C6.87686 10.904 6.95887 10.848 7.02744 10.7775L11.8499 5.85749C11.8976 5.81093 11.9354 5.75532 11.9612 5.69392C11.9871 5.63253 12.0004 5.5666 12.0004 5.49999C12.0004 5.43339 11.9871 5.36745 11.9612 5.30606C11.9354 5.24467 11.8976 5.18906 11.8499 5.14249C11.8035 5.096 11.7484 5.05913 11.6877 5.03396C11.627 5.0088 11.5619 4.99585 11.4962 4.99585C11.4305 4.99585 11.3654 5.0088 11.3047 5.03396C11.244 5.05913 11.1889 5.096 11.1424 5.14249L6.49994 9.88749L4.84994 8.15249C4.75626 8.05937 4.62954 8.0071 4.49744 8.0071C4.36535 8.0071 4.23863 8.05937 4.14494 8.15249C4.09732 8.19906 4.05948 8.25467 4.03365 8.31606C4.00781 8.37745 3.99451 8.44339 3.99451 8.50999C3.99451 8.5766 4.00781 8.64253 4.03365 8.70392C4.05948 8.76532 4.09732 8.82093 4.14494 8.86749L5.96994 10.78C6.11046 10.9207 6.3011 10.9998 6.49994 11Z"
                    fill="white"
                    fill-rule="evenodd"
                  />
                </g>
                <defs>
                  <clippath
                    id="clip0"
                  >
                    <rect
                      fill="white"
                      height="8"
                      transform="translate(4 4)"
                      width="8"
                    />
                  </clippath>
                </defs>
              </svg>
            </div>
            <div>
              <div
                class=MuiTypography-root MuiTypography-body whitespace-pre-line css-hash-MuiTypography-root
                data-test="body"
              >
                SEPA Direct Debit
              </div>
              <div
                class=MuiTypography-root MuiTypography-caption whitespace-pre-line css-hash-MuiTypography-root
                data-test="caption"
              >
                For customers invoiced in EUR
              </div>
            </div>
          </div>
        </label>
        <label
          class="flex flex-col cursor-pointer"
          data-test="checkbox-paymentProviderCustomer.providerPaymentMethods.us_bank_account"
          for=:r-mui-id:
        >
          <div
            class="mx-0 flex items-start align-middle *:leading-7"
          >
            <div
              class="mr-3 inline-flex items-center pt-1"
            >
              <input
                aria-checked="mixed"
                aria-labelledby="US Bank Account (ACH)"
                class="absolute m-0 size-0 p-0 opacity-0"
                id=:r-mui-id:
                readonly=""
                type="checkbox"
              />
              <svg
                aria-hidden="true"
                class="text-white hover:text-grey-200 active:text-grey-300"
                fill="none"
                height="16"
                viewBox="0 0 16 16"
                width="16"
                xmlns="http://www.w3.org/2000/svg"
              >
                <rect
                  fill="currentColor"
                  height="15"
                  rx="3.5"
                  stroke="#8C95A6"
                  width="15"
                  x="0.5"
                  y="0.5"
                />
              </svg>
            </div>
            <div>
              <div
                class=MuiTypography-root MuiTypography-body whitespace-pre-line css-hash-MuiTypography-root
                data-test="body"
              >
                US Bank Account (ACH)
              </div>
              <div
                class=MuiTypography-root MuiTypography-caption whitespace-pre-line css-hash-MuiTypography-root
                data-test="caption"
              >
                For customers invoiced in USD
              </div>
            </div>
          </div>
        </label>
        <label
          class="flex flex-col cursor-pointer"
          data-test="checkbox-paymentProviderCustomer.providerPaymentMethods.bacs_debit"
          for=:r-mui-id:
        >
          <div
            class="mx-0 flex items-start align-middle *:leading-7"
          >
            <div
              class="mr-3 inline-flex items-center pt-1"
            >
              <input
                aria-checked="mixed"
                aria-labelledby="BACS Debit"
                class="absolute m-0 size-0 p-0 opacity-0"
                id=:r-mui-id:
                readonly=""
                type="checkbox"
              />
              <svg
                aria-hidden="true"
                class="text-white hover:text-grey-200 active:text-grey-300"
                fill="none"
                height="16"
                viewBox="0 0 16 16"
                width="16"
                xmlns="http://www.w3.org/2000/svg"
              >
                <rect
                  fill="currentColor"
                  height="15"
                  rx="3.5"
                  stroke="#8C95A6"
                  width="15"
                  x="0.5"
                  y="0.5"
                />
              </svg>
            </div>
            <div>
              <div
                class=MuiTypography-root MuiTypography-body whitespace-pre-line css-hash-MuiTypography-root
                data-test="body"
              >
                BACS Debit
              </div>
              <div
                class=MuiTypography-root MuiTypography-caption whitespace-pre-line css-hash-MuiTypography-root
                data-test="caption"
              >
                For customers invoiced in GBP
              </div>
            </div>
          </div>
        </label>
        <label
          class="flex flex-col cursor-pointer"
          data-test="checkbox-paymentProviderCustomer.providerPaymentMethods.boleto"
          for=:r-mui-id:
        >
          <div
            class="mx-0 flex items-start align-middle *:leading-7"
          >
            <div
              class="mr-3 inline-flex items-center pt-1"
            >
              <input
                aria-checked="mixed"
                aria-labelledby="Boleto Payments"
                class="absolute m-0 size-0 p-0 opacity-0"
                id=:r-mui-id:
                readonly=""
                type="checkbox"
              />
              <svg
                aria-hidden="true"
                class="text-white hover:text-grey-200 active:text-grey-300"
                fill="none"
                height="16"
                viewBox="0 0 16 16"
                width="16"
                xmlns="http://www.w3.org/2000/svg"
              >
                <rect
                  fill="currentColor"
                  height="15"
                  rx="3.5"
                  stroke="#8C95A6"
                  width="15"
                  x="0.5"
                  y="0.5"
                />
              </svg>
            </div>
            <div>
              <div
                class=MuiTypography-root MuiTypography-body whitespace-pre-line css-hash-MuiTypography-root
                data-test="body"
              >
                Boleto Payments
              </div>
              <div
                class=MuiTypography-root MuiTypography-caption whitespace-pre-line css-hash-MuiTypography-root
                data-test="caption"
              >
                For customers invoiced in BRL
              </div>
            </div>
          </div>
        </label>
        <label
          class="flex flex-col cursor-pointer"
          data-test="checkbox-paymentProviderCustomer.providerPaymentMethods.crypto"
          for=:r-mui-id:
        >
          <div
            class="mx-0 flex items-start align-middle *:leading-7"
          >
            <div
              class="mr-3 inline-flex items-center pt-1"
            >
              <input
                aria-checked="mixed"
                aria-labelledby="Crypto (Stablecoins)"
                class="absolute m-0 size-0 p-0 opacity-0"
                id=:r-mui-id:
                readonly=""
                type="checkbox"
              />
              <svg
                aria-hidden="true"
                class="text-white hover:text-grey-200 active:text-grey-300"
                fill="none"
                height="16"
                viewBox="0 0 16 16"
                width="16"
                xmlns="http://www.w3.org/2000/svg"
              >
                <rect
                  fill="currentColor"
                  height="15"
                  rx="3.5"
                  stroke="#8C95A6"
                  width="15"
                  x="0.5"
                  y="0.5"
                />
              </svg>
            </div>
            <div>
              <div
                class=MuiTypography-root MuiTypography-body whitespace-pre-line css-hash-MuiTypography-root
                data-test="body"
              >
                Crypto (Stablecoins)
              </div>
              <div
                class=MuiTypography-root MuiTypography-caption whitespace-pre-line css-hash-MuiTypography-root
                data-test="caption"
              >
                For customers invoiced in USD
              </div>
            </div>
          </div>
        </label>
      </div>
    </div>
    <div
      class="rounded-xl px-4 bg-purple-100"
      data-test="alert-type-info"
    >
      <div
        class="flex flex-row items-center justify-between gap-4 py-4"
      >
        <div
          class="flex flex-row items-center gap-4"
        >
          <svg
            class="text-purple-600 size-4 min-w-4"
            data-test="info-circle/medium"
            fill="currentColor"
            title="info-circle/medium"
            viewBox="0 0 16 16"
            xmlns="http://www.w3.org/2000/svg"
          >
            <path
              clip-rule="evenodd"
              d="M16 8C16 12.4183 12.4183 16 8 16C3.58172 16 0 12.4183 0 8C0 3.58172 3.58172 0 8 0C12.4183 0 16 3.58172 16 8ZM14 8C14 11.3137 11.3137 14 8 14C4.68629 14 2 11.3137 2 8C2 4.68629 4.68629 2 8 2C11.3137 2 14 4.68629 14 8ZM9 5C9 5.55228 8.55228 6 8 6C7.44772 6 7 5.55228 7 5C7 4.44772 7.44772 4 8 4C8.55228 4 9 4.44772 9 5ZM7 8C7 7.44772 7.44772 7 8 7C8.55228 7 9 7.44772 9 8V11C9 11.5523 8.55228 12 8 12C7.44772 12 7 11.5523 7 11V8Z"
              fill-rule="evenodd"
            />
          </svg>
          <div
            class=MuiTypography-root MuiTypography-body whitespace-pre-line word-break-word css-hash-MuiTypography-root
            data-test="body"
          >
            To automate customer’s invoice payment, please use the checkout url sent via webhook to add a payment method.
          </div>
        </div>
      </div>
    </div>
  </div>
</div>
`;

exports[`StripePaymentProviderContent Integration Tests WHEN testing edge cases and validation THEN should handle all payment methods enabled scenario 1`] = `
<div>
  <div
    class="flex flex-col gap-6 p-4 shadow-t"
  >
    <div>
      <div
        class=MuiTypography-root MuiTypography-bodyHl whitespace-pre-line css-hash-MuiTypography-root
        data-test="bodyHl"
      >
        Payment methods
      </div>
      <div
        class=MuiTypography-root MuiTypography-caption whitespace-pre-line css-hash-MuiTypography-root
        data-test="caption"
      >
        Customer must have at least one value selected.
      </div>
    </div>
    <div
      class="flex flex-col gap-1"
    >
      <div
        class=MuiTypography-root MuiTypography-captionHl whitespace-pre-line css-hash-MuiTypography-root
        data-test="captionHl"
      >
        General payment method
      </div>
      <div
        class="grid grid-cols-2 gap-4"
      >
        <label
          class="flex flex-col cursor-pointer"
          data-test="checkbox-paymentProviderCustomer.providerPaymentMethods.card"
          for=:r-mui-id:
        >
          <div
            class="mx-0 flex items-start align-middle *:leading-7"
          >
            <div
              class="mr-3 inline-flex items-center pt-1"
            >
              <input
                aria-checked="true"
                aria-labelledby="Card"
                checked=""
                class="absolute m-0 size-0 p-0 opacity-0"
                id=:r-mui-id:
                readonly=""
                type="checkbox"
              />
              <svg
                aria-hidden="true"
                class="text-blue-600 hover:text-blue-700 active:text-blue-800"
                fill="none"
                height="16"
                viewBox="0 0 16 16"
                width="16"
                xmlns="http://www.w3.org/2000/svg"
              >
                <path
                  d="M0 4C0 1.79086 1.79086 0 4 0H12C14.2091 0 16 1.79086 16 4V12C16 14.2091 14.2091 16 12 16H4C1.79086 16 0 14.2091 0 12V4Z"
                  fill="currentColor"
                />
                <g
                  clip-path="url(#clip0)"
                >
                  <path
                    clip-rule="evenodd"
                    d="M6.49994 11C6.59828 11.0001 6.69564 10.9804 6.78625 10.9422C6.87686 10.904 6.95887 10.848 7.02744 10.7775L11.8499 5.85749C11.8976 5.81093 11.9354 5.75532 11.9612 5.69392C11.9871 5.63253 12.0004 5.5666 12.0004 5.49999C12.0004 5.43339 11.9871 5.36745 11.9612 5.30606C11.9354 5.24467 11.8976 5.18906 11.8499 5.14249C11.8035 5.096 11.7484 5.05913 11.6877 5.03396C11.627 5.0088 11.5619 4.99585 11.4962 4.99585C11.4305 4.99585 11.3654 5.0088 11.3047 5.03396C11.244 5.05913 11.1889 5.096 11.1424 5.14249L6.49994 9.88749L4.84994 8.15249C4.75626 8.05937 4.62954 8.0071 4.49744 8.0071C4.36535 8.0071 4.23863 8.05937 4.14494 8.15249C4.09732 8.19906 4.05948 8.25467 4.03365 8.31606C4.00781 8.37745 3.99451 8.44339 3.99451 8.50999C3.99451 8.5766 4.00781 8.64253 4.03365 8.70392C4.05948 8.76532 4.09732 8.82093 4.14494 8.86749L5.96994 10.78C6.11046 10.9207 6.3011 10.9998 6.49994 11Z"
                    fill="white"
                    fill-rule="evenodd"
                  />
                </g>
                <defs>
                  <clippath
                    id="clip0"
                  >
                    <rect
                      fill="white"
                      height="8"
                      transform="translate(4 4)"
                      width="8"
                    />
                  </clippath>
                </defs>
              </svg>
            </div>
            <div>
              <div
                class=MuiTypography-root MuiTypography-body whitespace-pre-line css-hash-MuiTypography-root
                data-test="body"
              >
                Card
              </div>
              <div
                class=MuiTypography-root MuiTypography-caption whitespace-pre-line css-hash-MuiTypography-root
                data-test="caption"
              >
                For all currencies
              </div>
            </div>
          </div>
        </label>
        <label
          class="flex flex-col cursor-pointer"
          data-test="checkbox-paymentProviderCustomer.providerPaymentMethods.link"
          for=:r-mui-id:
        >
          <div
            class="mx-0 flex items-start align-middle *:leading-7"
          >
            <div
              class="mr-3 inline-flex items-center pt-1"
            >
              <input
                aria-checked="true"
                aria-labelledby="Link"
                checked=""
                class="absolute m-0 size-0 p-0 opacity-0"
                id=:r-mui-id:
                readonly=""
                type="checkbox"
              />
              <svg
                aria-hidden="true"
                class="text-blue-600 hover:text-blue-700 active:text-blue-800"
                fill="none"
                height="16"
                viewBox="0 0 16 16"
                width="16"
                xmlns="http://www.w3.org/2000/svg"
              >
                <path
                  d="M0 4C0 1.79086 1.79086 0 4 0H12C14.2091 0 16 1.79086 16 4V12C16 14.2091 14.2091 16 12 16H4C1.79086 16 0 14.2091 0 12V4Z"
                  fill="currentColor"
                />
                <g
                  clip-path="url(#clip0)"
                >
                  <path
                    clip-rule="evenodd"
                    d="M6.49994 11C6.59828 11.0001 6.69564 10.9804 6.78625 10.9422C6.87686 10.904 6.95887 10.848 7.02744 10.7775L11.8499 5.85749C11.8976 5.81093 11.9354 5.75532 11.9612 5.69392C11.9871 5.63253 12.0004 5.5666 12.0004 5.49999C12.0004 5.43339 11.9871 5.36745 11.9612 5.30606C11.9354 5.24467 11.8976 5.18906 11.8499 5.14249C11.8035 5.096 11.7484 5.05913 11.6877 5.03396C11.627 5.0088 11.5619 4.99585 11.4962 4.99585C11.4305 4.99585 11.3654 5.0088 11.3047 5.03396C11.244 5.05913 11.1889 5.096 11.1424 5.14249L6.49994 9.88749L4.84994 8.15249C4.75626 8.05937 4.62954 8.0071 4.49744 8.0071C4.36535 8.0071 4.23863 8.05937 4.14494 8.15249C4.09732 8.19906 4.05948 8.25467 4.03365 8.31606C4.00781 8.37745 3.99451 8.44339 3.99451 8.50999C3.99451 8.5766 4.00781 8.64253 4.03365 8.70392C4.05948 8.76532 4.09732 8.82093 4.14494 8.86749L5.96994 10.78C6.11046 10.9207 6.3011 10.9998 6.49994 11Z"
                    fill="white"
                    fill-rule="evenodd"
                  />
                </g>
                <defs>
                  <clippath
                    id="clip0"
                  >
                    <rect
                      fill="white"
                      height="8"
                      transform="translate(4 4)"
                      width="8"
                    />
                  </clippath>
                </defs>
              </svg>
            </div>
            <div>
              <div
                class=MuiTypography-root MuiTypography-body whitespace-pre-line css-hash-MuiTypography-root
                data-test="body"
              >
                Link
              </div>
              <div
                class=MuiTypography-root MuiTypography-caption whitespace-pre-line css-hash-MuiTypography-root
                data-test="caption"
              >
                One-click payments
              </div>
            </div>
          </div>
        </label>
        <label
          class="flex flex-col cursor-pointer"
          data-test="checkbox-paymentProviderCustomer.providerPaymentMethods.customer_balance"
          for=:r-mui-id:
        >
          <div
            class="mx-0 flex items-start align-middle *:leading-7"
          >
            <div
              class="mr-3 inline-flex items-center pt-1"
            >
              <input
                aria-checked="mixed"
                aria-labelledby="Bank Transfers"
                class="absolute m-0 size-0 p-0 opacity-0"
                id=:r-mui-id:
                readonly=""
                type="checkbox"
              />
              <svg
                aria-hidden="true"
                class="text-white hover:text-grey-200 active:text-grey-300"
                fill="none"
                height="16"
                viewBox="0 0 16 16"
                width="16"
                xmlns="http://www.w3.org/2000/svg"
              >
                <rect
                  fill="currentColor"
                  height="15"
                  rx="3.5"
                  stroke="#8C95A6"
                  width="15"
                  x="0.5"
                  y="0.5"
                />
              </svg>
            </div>
            <div>
              <div
                class=MuiTypography-root MuiTypography-body whitespace-pre-line css-hash-MuiTypography-root
                data-test="body"
              >
                Bank Transfers
              </div>
              <div
                class=MuiTypography-root MuiTypography-caption whitespace-pre-line css-hash-MuiTypography-root
                data-test="caption"
              >
                Pay through the customer balance
              </div>
            </div>
          </div>
        </label>
      </div>
    </div>
    <div
      class="flex flex-col gap-1"
    >
      <div
        class=MuiTypography-root MuiTypography-captionHl whitespace-pre-line css-hash-MuiTypography-root
        data-test="captionHl"
      >
        Localized payment methods
      </div>
      <div
        class="grid grid-cols-2 gap-4"
      >
        <label
          class="flex flex-col cursor-pointer"
          data-test="checkbox-paymentProviderCustomer.providerPaymentMethods.sepa_debit"
          for=:r-mui-id:
        >
          <div
            class="mx-0 flex items-start align-middle *:leading-7"
          >
            <div
              class="mr-3 inline-flex items-center pt-1"
            >
              <input
                aria-checked="true"
                aria-labelledby="SEPA Direct Debit"
                checked=""
                class="absolute m-0 size-0 p-0 opacity-0"
                id=:r-mui-id:
                readonly=""
                type="checkbox"
              />
              <svg
                aria-hidden="true"
                class="text-blue-600 hover:text-blue-700 active:text-blue-800"
                fill="none"
                height="16"
                viewBox="0 0 16 16"
                width="16"
                xmlns="http://www.w3.org/2000/svg"
              >
                <path
                  d="M0 4C0 1.79086 1.79086 0 4 0H12C14.2091 0 16 1.79086 16 4V12C16 14.2091 14.2091 16 12 16H4C1.79086 16 0 14.2091 0 12V4Z"
                  fill="currentColor"
                />
                <g
                  clip-path="url(#clip0)"
                >
                  <path
                    clip-rule="evenodd"
                    d="M6.49994 11C6.59828 11.0001 6.69564 10.9804 6.78625 10.9422C6.87686 10.904 6.95887 10.848 7.02744 10.7775L11.8499 5.85749C11.8976 5.81093 11.9354 5.75532 11.9612 5.69392C11.9871 5.63253 12.0004 5.5666 12.0004 5.49999C12.0004 5.43339 11.9871 5.36745 11.9612 5.30606C11.9354 5.24467 11.8976 5.18906 11.8499 5.14249C11.8035 5.096 11.7484 5.05913 11.6877 5.03396C11.627 5.0088 11.5619 4.99585 11.4962 4.99585C11.4305 4.99585 11.3654 5.0088 11.3047 5.03396C11.244 5.05913 11.1889 5.096 11.1424 5.14249L6.49994 9.88749L4.84994 8.15249C4.75626 8.05937 4.62954 8.0071 4.49744 8.0071C4.36535 8.0071 4.23863 8.05937 4.14494 8.15249C4.09732 8.19906 4.05948 8.25467 4.03365 8.31606C4.00781 8.37745 3.99451 8.44339 3.99451 8.50999C3.99451 8.5766 4.00781 8.64253 4.03365 8.70392C4.05948 8.76532 4.09732 8.82093 4.14494 8.86749L5.96994 10.78C6.11046 10.9207 6.3011 10.9998 6.49994 11Z"
                    fill="white"
                    fill-rule="evenodd"
                  />
                </g>
                <defs>
                  <clippath
                    id="clip0"
                  >
                    <rect
                      fill="white"
                      height="8"
                      transform="translate(4 4)"
                      width="8"
                    />
                  </clippath>
                </defs>
              </svg>
            </div>
            <div>
              <div
                class=MuiTypography-root MuiTypography-body whitespace-pre-line css-hash-MuiTypography-root
                data-test="body"
              >
                SEPA Direct Debit
              </div>
              <div
                class=MuiTypography-root MuiTypography-caption whitespace-pre-line css-hash-MuiTypography-root
                data-test="caption"
              >
                For customers invoiced in EUR
              </div>
            </div>
          </div>
        </label>
        <label
          class="flex flex-col cursor-pointer"
          data-test="checkbox-paymentProviderCustomer.providerPaymentMethods.us_bank_account"
          for=:r-mui-id:
        >
          <div
            class="mx-0 flex items-start align-middle *:leading-7"
          >
            <div
              class="mr-3 inline-flex items-center pt-1"
            >
              <input
                aria-checked="true"
                aria-labelledby="US Bank Account (ACH)"
                checked=""
                class="absolute m-0 size-0 p-0 opacity-0"
                id=:r-mui-id:
                readonly=""
                type="checkbox"
              />
              <svg
                aria-hidden="true"
                class="text-blue-600 hover:text-blue-700 active:text-blue-800"
                fill="none"
                height="16"
                viewBox="0 0 16 16"
                width="16"
                xmlns="http://www.w3.org/2000/svg"
              >
                <path
                  d="M0 4C0 1.79086 1.79086 0 4 0H12C14.2091 0 16 1.79086 16 4V12C16 14.2091 14.2091 16 12 16H4C1.79086 16 0 14.2091 0 12V4Z"
                  fill="currentColor"
                />
                <g
                  clip-path="url(#clip0)"
                >
                  <path
                    clip-rule="evenodd"
                    d="M6.49994 11C6.59828 11.0001 6.69564 10.9804 6.78625 10.9422C6.87686 10.904 6.95887 10.848 7.02744 10.7775L11.8499 5.85749C11.8976 5.81093 11.9354 5.75532 11.9612 5.69392C11.9871 5.63253 12.0004 5.5666 12.0004 5.49999C12.0004 5.43339 11.9871 5.36745 11.9612 5.30606C11.9354 5.24467 11.8976 5.18906 11.8499 5.14249C11.8035 5.096 11.7484 5.05913 11.6877 5.03396C11.627 5.0088 11.5619 4.99585 11.4962 4.99585C11.4305 4.99585 11.3654 5.0088 11.3047 5.03396C11.244 5.05913 11.1889 5.096 11.1424 5.14249L6.49994 9.88749L4.84994 8.15249C4.75626 8.05937 4.62954 8.0071 4.49744 8.0071C4.36535 8.0071 4.23863 8.05937 4.14494 8.15249C4.09732 8.19906 4.05948 8.25467 4.03365 8.31606C4.00781 8.37745 3.99451 8.44339 3.99451 8.50999C3.99451 8.5766 4.00781 8.64253 4.03365 8.70392C4.05948 8.76532 4.09732 8.82093 4.14494 8.86749L5.96994 10.78C6.11046 10.9207 6.3011 10.9998 6.49994 11Z"
                    fill="white"
                    fill-rule="evenodd"
                  />
                </g>
                <defs>
                  <clippath
                    id="clip0"
                  >
                    <rect
                      fill="white"
                      height="8"
                      transform="translate(4 4)"
                      width="8"
                    />
                  </clippath>
                </defs>
              </svg>
            </div>
            <div>
              <div
                class=MuiTypography-root MuiTypography-body whitespace-pre-line css-hash-MuiTypography-root
                data-test="body"
              >
                US Bank Account (ACH)
              </div>
              <div
                class=MuiTypography-root MuiTypography-caption whitespace-pre-line css-hash-MuiTypography-root
                data-test="caption"
              >
                For customers invoiced in USD
              </div>
            </div>
          </div>
        </label>
        <label
          class="flex flex-col cursor-pointer"
          data-test="checkbox-paymentProviderCustomer.providerPaymentMethods.bacs_debit"
          for=:r-mui-id:
        >
          <div
            class="mx-0 flex items-start align-middle *:leading-7"
          >
            <div
              class="mr-3 inline-flex items-center pt-1"
            >
              <input
                aria-checked="true"
                aria-labelledby="BACS Debit"
                checked=""
                class="absolute m-0 size-0 p-0 opacity-0"
                id=:r-mui-id:
                readonly=""
                type="checkbox"
              />
              <svg
                aria-hidden="true"
                class="text-blue-600 hover:text-blue-700 active:text-blue-800"
                fill="none"
                height="16"
                viewBox="0 0 16 16"
                width="16"
                xmlns="http://www.w3.org/2000/svg"
              >
                <path
                  d="M0 4C0 1.79086 1.79086 0 4 0H12C14.2091 0 16 1.79086 16 4V12C16 14.2091 14.2091 16 12 16H4C1.79086 16 0 14.2091 0 12V4Z"
                  fill="currentColor"
                />
                <g
                  clip-path="url(#clip0)"
                >
                  <path
                    clip-rule="evenodd"
                    d="M6.49994 11C6.59828 11.0001 6.69564 10.9804 6.78625 10.9422C6.87686 10.904 6.95887 10.848 7.02744 10.7775L11.8499 5.85749C11.8976 5.81093 11.9354 5.75532 11.9612 5.69392C11.9871 5.63253 12.0004 5.5666 12.0004 5.49999C12.0004 5.43339 11.9871 5.36745 11.9612 5.30606C11.9354 5.24467 11.8976 5.18906 11.8499 5.14249C11.8035 5.096 11.7484 5.05913 11.6877 5.03396C11.627 5.0088 11.5619 4.99585 11.4962 4.99585C11.4305 4.99585 11.3654 5.0088 11.3047 5.03396C11.244 5.05913 11.1889 5.096 11.1424 5.14249L6.49994 9.88749L4.84994 8.15249C4.75626 8.05937 4.62954 8.0071 4.49744 8.0071C4.36535 8.0071 4.23863 8.05937 4.14494 8.15249C4.09732 8.19906 4.05948 8.25467 4.03365 8.31606C4.00781 8.37745 3.99451 8.44339 3.99451 8.50999C3.99451 8.5766 4.00781 8.64253 4.03365 8.70392C4.05948 8.76532 4.09732 8.82093 4.14494 8.86749L5.96994 10.78C6.11046 10.9207 6.3011 10.9998 6.49994 11Z"
                    fill="white"
                    fill-rule="evenodd"
                  />
                </g>
                <defs>
                  <clippath
                    id="clip0"
                  >
                    <rect
                      fill="white"
                      height="8"
                      transform="translate(4 4)"
                      width="8"
                    />
                  </clippath>
                </defs>
              </svg>
            </div>
            <div>
              <div
                class=MuiTypography-root MuiTypography-body whitespace-pre-line css-hash-MuiTypography-root
                data-test="body"
              >
                BACS Debit
              </div>
              <div
                class=MuiTypography-root MuiTypography-caption whitespace-pre-line css-hash-MuiTypography-root
                data-test="caption"
              >
                For customers invoiced in GBP
              </div>
            </div>
          </div>
        </label>
        <label
          class="flex flex-col cursor-pointer"
          data-test="checkbox-paymentProviderCustomer.providerPaymentMethods.boleto"
          for=:r-mui-id:
        >
          <div
            class="mx-0 flex items-start align-middle *:leading-7"
          >
            <div
              class="mr-3 inline-flex items-center pt-1"
            >
              <input
                aria-checked="true"
                aria-labelledby="Boleto Payments"
                checked=""
                class="absolute m-0 size-0 p-0 opacity-0"
                id=:r-mui-id:
                readonly=""
                type="checkbox"
              />
              <svg
                aria-hidden="true"
                class="text-blue-600 hover:text-blue-700 active:text-blue-800"
                fill="none"
                height="16"
                viewBox="0 0 16 16"
                width="16"
                xmlns="http://www.w3.org/2000/svg"
              >
                <path
                  d="M0 4C0 1.79086 1.79086 0 4 0H12C14.2091 0 16 1.79086 16 4V12C16 14.2091 14.2091 16 12 16H4C1.79086 16 0 14.2091 0 12V4Z"
                  fill="currentColor"
                />
                <g
                  clip-path="url(#clip0)"
                >
                  <path
                    clip-rule="evenodd"
                    d="M6.49994 11C6.59828 11.0001 6.69564 10.9804 6.78625 10.9422C6.87686 10.904 6.95887 10.848 7.02744 10.7775L11.8499 5.85749C11.8976 5.81093 11.9354 5.75532 11.9612 5.69392C11.9871 5.63253 12.0004 5.5666 12.0004 5.49999C12.0004 5.43339 11.9871 5.36745 11.9612 5.30606C11.9354 5.24467 11.8976 5.18906 11.8499 5.14249C11.8035 5.096 11.7484 5.05913 11.6877 5.03396C11.627 5.0088 11.5619 4.99585 11.4962 4.99585C11.4305 4.99585 11.3654 5.0088 11.3047 5.03396C11.244 5.05913 11.1889 5.096 11.1424 5.14249L6.49994 9.88749L4.84994 8.15249C4.75626 8.05937 4.62954 8.0071 4.49744 8.0071C4.36535 8.0071 4.23863 8.05937 4.14494 8.15249C4.09732 8.19906 4.05948 8.25467 4.03365 8.31606C4.00781 8.37745 3.99451 8.44339 3.99451 8.50999C3.99451 8.5766 4.00781 8.64253 4.03365 8.70392C4.05948 8.76532 4.09732 8.82093 4.14494 8.86749L5.96994 10.78C6.11046 10.9207 6.3011 10.9998 6.49994 11Z"
                    fill="white"
                    fill-rule="evenodd"
                  />
                </g>
                <defs>
                  <clippath
                    id="clip0"
                  >
                    <rect
                      fill="white"
                      height="8"
                      transform="translate(4 4)"
                      width="8"
                    />
                  </clippath>
                </defs>
              </svg>
            </div>
            <div>
              <div
                class=MuiTypography-root MuiTypography-body whitespace-pre-line css-hash-MuiTypography-root
                data-test="body"
              >
                Boleto Payments
              </div>
              <div
                class=MuiTypography-root MuiTypography-caption whitespace-pre-line css-hash-MuiTypography-root
                data-test="caption"
              >
                For customers invoiced in BRL
              </div>
            </div>
          </div>
        </label>
        <label
          class="flex flex-col cursor-pointer"
          data-test="checkbox-paymentProviderCustomer.providerPaymentMethods.crypto"
          for=:r-mui-id:
        >
          <div
            class="mx-0 flex items-start align-middle *:leading-7"
          >
            <div
              class="mr-3 inline-flex items-center pt-1"
            >
              <input
                aria-checked="true"
                aria-labelledby="Crypto (Stablecoins)"
                checked=""
                class="absolute m-0 size-0 p-0 opacity-0"
                id=:r-mui-id:
                readonly=""
                type="checkbox"
              />
              <svg
                aria-hidden="true"
                class="text-blue-600 hover:text-blue-700 active:text-blue-800"
                fill="none"
                height="16"
                viewBox="0 0 16 16"
                width="16"
                xmlns="http://www.w3.org/2000/svg"
              >
                <path
                  d="M0 4C0 1.79086 1.79086 0 4 0H12C14.2091 0 16 1.79086 16 4V12C16 14.2091 14.2091 16 12 16H4C1.79086 16 0 14.2091 0 12V4Z"
                  fill="currentColor"
                />
                <g
                  clip-path="url(#clip0)"
                >
                  <path
                    clip-rule="evenodd"
                    d="M6.49994 11C6.59828 11.0001 6.69564 10.9804 6.78625 10.9422C6.87686 10.904 6.95887 10.848 7.02744 10.7775L11.8499 5.85749C11.8976 5.81093 11.9354 5.75532 11.9612 5.69392C11.9871 5.63253 12.0004 5.5666 12.0004 5.49999C12.0004 5.43339 11.9871 5.36745 11.9612 5.30606C11.9354 5.24467 11.8976 5.18906 11.8499 5.14249C11.8035 5.096 11.7484 5.05913 11.6877 5.03396C11.627 5.0088 11.5619 4.99585 11.4962 4.99585C11.4305 4.99585 11.3654 5.0088 11.3047 5.03396C11.244 5.05913 11.1889 5.096 11.1424 5.14249L6.49994 9.88749L4.84994 8.15249C4.75626 8.05937 4.62954 8.0071 4.49744 8.0071C4.36535 8.0071 4.23863 8.05937 4.14494 8.15249C4.09732 8.19906 4.05948 8.25467 4.03365 8.31606C4.00781 8.37745 3.99451 8.44339 3.99451 8.50999C3.99451 8.5766 4.00781 8.64253 4.03365 8.70392C4.05948 8.76532 4.09732 8.82093 4.14494 8.86749L5.96994 10.78C6.11046 10.9207 6.3011 10.9998 6.49994 11Z"
                    fill="white"
                    fill-rule="evenodd"
                  />
                </g>
                <defs>
                  <clippath
                    id="clip0"
                  >
                    <rect
                      fill="white"
                      height="8"
                      transform="translate(4 4)"
                      width="8"
                    />
                  </clippath>
                </defs>
              </svg>
            </div>
            <div>
              <div
                class=MuiTypography-root MuiTypography-body whitespace-pre-line css-hash-MuiTypography-root
                data-test="body"
              >
                Crypto (Stablecoins)
              </div>
              <div
                class=MuiTypography-root MuiTypography-caption whitespace-pre-line css-hash-MuiTypography-root
                data-test="caption"
              >
                For customers invoiced in USD
              </div>
            </div>
          </div>
        </label>
      </div>
    </div>
    <div
      class="rounded-xl px-4 bg-purple-100"
      data-test="alert-type-info"
    >
      <div
        class="flex flex-row items-center justify-between gap-4 py-4"
      >
        <div
          class="flex flex-row items-center gap-4"
        >
          <svg
            class="text-purple-600 size-4 min-w-4"
            data-test="info-circle/medium"
            fill="currentColor"
            title="info-circle/medium"
            viewBox="0 0 16 16"
            xmlns="http://www.w3.org/2000/svg"
          >
            <path
              clip-rule="evenodd"
              d="M16 8C16 12.4183 12.4183 16 8 16C3.58172 16 0 12.4183 0 8C0 3.58172 3.58172 0 8 0C12.4183 0 16 3.58172 16 8ZM14 8C14 11.3137 11.3137 14 8 14C4.68629 14 2 11.3137 2 8C2 4.68629 4.68629 2 8 2C11.3137 2 14 4.68629 14 8ZM9 5C9 5.55228 8.55228 6 8 6C7.44772 6 7 5.55228 7 5C7 4.44772 7.44772 4 8 4C8.55228 4 9 4.44772 9 5ZM7 8C7 7.44772 7.44772 7 8 7C8.55228 7 9 7.44772 9 8V11C9 11.5523 8.55228 12 8 12C7.44772 12 7 11.5523 7 11V8Z"
              fill-rule="evenodd"
            />
          </svg>
          <div
            class=MuiTypography-root MuiTypography-body whitespace-pre-line word-break-word css-hash-MuiTypography-root
            data-test="body"
          >
            To automate customer’s invoice payment, please use the checkout url sent via webhook to add a payment method.
          </div>
        </div>
      </div>
    </div>
  </div>
</div>
`;
