1786376653 18986 29183 0 
1786376658 18977 29192 0 
1786376663 18975 29194 0 
1786376668 19344 28824 0 
1786376673 19096 29073 0 
1786376678 19048 29121 0 
1786376683 19067 29101 0 
1786376688 19216 28953 0 
1786376693 19167 29001 0 
1786376698 19184 28985 0 
1786376703 19233 28936 0 
1786376708 19243 28926 0 
1786376713 19272 28897 0 
1786376718 19232 28937 0 
1786376723 19233 28935 0 
1786376728 19289 28879 0 
1786376733 19419 28749 0 
1786376738 19364 28805 0 
1786376743 19300 28869 0 
1786376748 19577 28592 0 
1786376753 19777 28391 0 
1786376758 19603 28565 0 
1786376763 19492 28676 0 
1786376768 19613 28556 0 
1786376773 19440 28729 0 
1786376778 19640 28528 0 
1786376783 19425 28743 0 
1786376788 19483 28685 0 
1786376793 19513 28656 0 
1786376798 19521 28648 0 
1786376803 19560 28608 0 
1786376808 19622 28546 0 
1786376813 19614 28555 0 
1786376818 19675 28493 0 
1786376823 19697 28472 0 
1786376828 19775 28393 0 
1786376833 19689 28479 0 
1786376838 19675 28493 0 
1786376843 19675 28494 0 
1786376848 19626 28543 0 
1786376853 19773 28396 0 
1786376858 19681 28487 0 
1786376863 19887 28281 0 
1786376868 20037 28132 0 
1786376873 19880 28288 0 
1786376878 19847 28322 0 
1786376883 20301 27868 0 
1786376888 20356 27813 0 
1786376893 20283 27885 0 
1786376898 20065 28103 0 
1786376903 20060 28108 0 
1786376908 20106 28063 0 
1786376913 20117 28051 0 
1786376918 20121 28048 0 
1786376923 20109 28060 0 
1786376928 20133 28036 0 
1786376933 20069 28099 0 
1786376938 20152 28017 0 
1786376943 20160 28009 0 
1786376948 20147 28022 0 
1786376953 20268 27901 0 
1786376958 20048 28121 0 
1786376963 19953 28216 0 
1786376968 19953 28216 0 
1786376973 19741 28427 0 
1786376978 19747 28421 0 
1786376983 19656 28513 0 
1786376988 19667 28501 0 
1786376993 19646 28523 0 
1786376998 19630 28538 0 
1786377003 19591 28578 0 
1786377008 19642 28526 0 
1786377013 19567 28602 0 
1786377018 19631 28538 0 
1786377023 19698 28470 0 
1786377028 19655 28513 0 
1786377033 19637 28531 0 
1786377038 19593 28576 0 
1786377043 19680 28488 0 
1786377048 19638 28530 0 
1786377053 19617 28552 0 
1786377058 19607 28562 0 
1786377063 19595 28574 0 
1786377068 20096 28073 0 
1786377073 19959 28210 0 
1786377078 19652 28517 0 
1786377083 19766 28403 0 
1786377088 19725 28444 0 
1786377093 19665 28504 0 
1786377098 19729 28440 0 
1786377103 19688 28481 0 
1786377108 19765 28404 0 
