1786375517 13368 34801 0 
1786375522 13282 34886 0 
1786375527 13587 34582 0 
1786375532 14068 34101 0 
1786375537 14076 34093 0 
1786375542 14238 33930 0 
1786375547 14402 33767 0 
1786375552 14468 33700 0 
1786375557 14510 33659 0 
1786375562 14740 33429 0 
1786375567 14804 33365 0 
1786375572 14883 33285 0 
1786375577 15101 33068 0 
1786375583 15085 33084 0 
1786375588 15185 32984 0 
1786375593 15299 32870 0 
1786375598 15379 32789 0 
1786375603 15474 32695 0 
1786375608 15515 32654 0 
1786375613 15737 32431 0 
1786375618 15745 32423 0 
1786375623 15811 32357 0 
1786375628 16087 32081 0 
1786375633 16079 32089 0 
1786375638 16183 31985 0 
1786375643 16320 31849 0 
1786375648 16301 31868 0 
1786375653 16462 31707 0 
1786375658 16564 31605 0 
1786375663 16826 31342 0 
1786375668 16892 31277 0 
1786375673 16937 31232 0 
1786375678 17050 31118 0 
1786375683 17122 31047 0 
1786375688 17337 30832 0 
1786375693 17298 30871 0 
1786375698 17337 30832 0 
1786375703 17503 30665 0 
1786375708 17339 30829 0 
1786375713 17283 30885 0 
1786375718 17412 30757 0 
1786375723 17402 30767 0 
1786375728 17774 30395 0 
1786375733 18352 29817 0 
1786375738 18545 29624 0 
1786375743 18622 29547 0 
1786375748 18967 29202 0 
1786375753 19220 28949 0 
1786375758 19427 28742 0 
1786375763 19875 28294 0 
1786375768 19967 28202 0 
1786375773 20164 28004 0 
1786375778 20667 27502 0 
1786375783 21140 27029 0 
1786375788 21236 26933 0 
1786375793 21635 26533 0 
1786375798 21808 26361 0 
